// Jest Snapshot v1, https://goo.gl/fbAQLP

exports[`utils tests should create human friendly numbers i.e 1.5k for 1500 1`] = `
"Object {
  \\"formattedA\\": Array [
    \\"150\\",
    \\"2k\\",
    \\"15k\\",
    \\"200m\\",
  ],
  \\"formattedB\\": Array [
    \\"150\\",
    \\"1.5k\\",
    \\"15k\\",
    \\"200m\\",
  ],
}"
`;

exports[`utils tests should return country object 1`] = `
"Object {
  \\"countryType\\": \\"recipient\\",
  \\"has_domestic_data\\": \\"1\\",
  \\"id\\": \\"CD\\",
  \\"name\\": \\"DRC\\",
  \\"slug\\": \\"drc\\",
}"
`;

exports[`utils tests should return short url of a long url 1`] = `"http://bit.ly/2wamIhE"`;
