// Jest Snapshot v1, https://goo.gl/fbAQLP

exports[`utils tests should return country object 1`] = `
"Object {
  \\"countryType\\": \\"recipient\\",
  \\"id\\": \\"CD\\",
  \\"name\\": \\"DRC\\",
  \\"slug\\": \\"drc\\",
}"
`;

exports[`utils tests should return short url of a long url 1`] = `"http://bit.ly/2wamIhE"`;
